Microchip MPLAB XC8 Compiler V1.20 ()

Linker command line:

--edf=C:\Program Files (x86)\Microchip\xc8\v1.20\dat\en_msgs.txt -cs \
  -h+dist/default/production\LASER_Fimwaer2.X.production.sym \
  --cmf=dist/default/production\LASER_Fimwaer2.X.production.cmf -z \
  -Q18F2520 -oC:\Users\Paul\AppData\Local\Temp\s744.6 \
  -Mdist/default/production/LASER_Fimwaer2.X.production.map -E1 -ver=XC8 \
  -ACODE=00h-07FFFh -ACONST=00h-07FFFh -ASMALLCONST=0600h-06FFhx122 \
  -AMEDIUMCONST=0600h-07FFFh -ACOMRAM=01h-07Fh -AABS1=00h-05FFh \
  -ABIGRAM=01h-05FFh -ARAM=080h-0FFh,0100h-01FFhx5 -ABANK0=080h-0FFh \
  -ABANK1=0100h-01FFh -ABANK2=0200h-02FFh -ABANK3=0300h-03FFh \
  -ABANK4=0400h-04FFh -ABANK5=0500h-05FFh -ASFR=0F80h-0FFFh \
  -preset_vec=00h,intcode,intcodelo,powerup,init,end_init -pramtop=0600h \
  -psmallconst=SMALLCONST -pmediumconst=MEDIUMCONST -pconst=CONST \
  -AFARRAM=00h-00h -ACONFIG=0300000h-030000Dh -pconfig=CONFIG \
  -AIDLOC=0200000h-0200007h -pidloc=IDLOC -AEEDATA=0F00000h-0F000FFh \
  -peeprom_data=EEDATA \
  -prdata=COMRAM,nvrram=COMRAM,nvbit=COMRAM,rbss=COMRAM,rbit=COMRAM \
  -pfarbss=FARRAM,fardata=FARRAM,nvFARRAM=FARRAM \
  -pintsave_regs=BIGRAM,bigbss=BIGRAM,bigdata=BIGRAM -pbss=RAM \
  -pidata=CODE,irdata=CODE,ibigdata=CODE,ifardata=CODE \
  C:\Users\Paul\AppData\Local\Temp\s744.obj \
  dist/default/production\LASER_Fimwaer2.X.production.obj 

Object code version is 3.11

Machine type is 18F2520

Call graph: (short form)




                Name                               Link     Load   Length Selector   Space Scale
C:\Users\Paul\AppData\Local\Temp\s744.obj
                end_init                              0        0        4        0       0
                idloc                            200000   200000        8   200000       0
                config                           300000   300000        E   300000       0
dist/default/production\LASER_Fimwaer2.X.production.obj
                smallconst                          600      600       22      300       0
                text86                             2D5E     2D5E       90      311       0
                text85                             3820     3820       3A      311       0
                text84                             33AA     33AA       5C      311       0
                text83                             3B6E     3B6E        6     1CF5       0
                text82                             3B74     3B74        4     1CF5       0
                text81                             3B64     3B64        A     1CF5       0
                text80                             3ABC     3ABC       14     1CF5       0
                text79                             2CCE     2CCE       90      311       0
                text78                             3074     3074       72      311       0
                text77                             3B16     3B16       10     1CF5       0
                text76                             3B34     3B34        E     1CF5       0
                text75                             38FC     38FC       2E      311       0
                text74                             3AA6     3AA6       16     1CF5       0
                text73                             3766     3766       42      311       0
                text72                             3954     3954       2A      311       0
                text71                             32EC     32EC       62      311       0
                text70                             23F6     23F6       F2      311       0
                text69                             2C3C     2C3C       92      311       0
                text68                             3608     3608       50      311       0
                text67                             3B4E     3B4E        C     1CF5       0
                text66                             355E     355E       56      311       0
                text65                             3A40     3A40       1C     1CF5       0
                text64                             2DEE     2DEE       8C      311       0
                text63                             3B26     3B26        E     1CF5       0
                text62                             3508     3508       56      311       0
                text61                             34B2     34B2       56      311       0
                text60                             1B0A     1B0A      12E      311       0
                text59                             26AA     26AA       D8      311       0
                text58                             345C     345C       56      311       0
                text57                             2E7A     2E7A       86      311       0
                text56                              622      622      578      311       0
                text55                             1616     1616      1CC      311       0
                text54                             21E8     21E8      110      311       0
                text53                             1D62     1D62      128      311       0
                text52                             2854     2854       B8      311       0
                text51                             2F00     2F00       84      311       0
                text50                             25CA     25CA       E0      311       0
                text49                             11AC     11AC      24C      311       0
                text48                             38C6     38C6       36      311       0
                text47                             13F8     13F8      21E      311       0
                text46                             3A24     3A24       1C     1CF5       0
                text45                             3A76     3A76       1A     1CF5       0
                text44                             30E6     30E6       6C      311       0
                text43                             20CA     20CA      11E      311       0
                text42                             1FAC     1FAC      11E      311       0
                text41                             3002     3002       72      311       0
                text40                             3B06     3B06       10     1CF5       0
                text39                             35B4     35B4       54      311       0
                text38                             2B0E     2B0E       9A      311       0
                text37                             29BE     29BE       B2      311       0
                text36                             369E     369E       44      311       0
                text35                             290C     290C       B2      311       0
                text34                             22F8     22F8       FE      311       0
                text33                             2F84     2F84       7E      311       0
                text32                             3152     3152       6A      311       0
                text31                             334E     334E       5C      311       0
                text30                             3A90     3A90       16     1CF5       0
                text29                             3222     3222       66      311       0
                text28                             3A5C     3A5C       1A     1CF5       0
                text27                             3AF4     3AF4       12     1CF5       0
                text26                             392A     392A       2A      311       0
                text25                             3724     3724       42      311       0
                text24                             39EA     39EA       1E     1CF5       0
                text23                             3B5A     3B5A        A     1CF5       0
                text22                             3288     3288       64      311       0
                text21                             3A08     3A08       1C     1CF5       0
                text20                             1E8A     1E8A      122      311       0
                text19                             3AE2     3AE2       12     1CF5       0
                text18                             2BA8     2BA8       94      311       0
                text17                             2A70     2A70       9E      311       0
                text16                             3AD0     3AD0       12     1CF5       0
                text15                             37E4     37E4       3C      311       0
                text14                             3890     3890       36      311       0
                text13                             37A8     37A8       3C      311       0
                text12                             19A2     19A2      168      311       0
                text11                             39A4     39A4       26      311       0
                text10                             36E2     36E2       42      311       0
                text9                              24E8     24E8       E2      311       0
                text8                              17E2     17E2      1C0      311       0
                text7                               F30      F30      27C      311       0
                text6                              1C38     1C38      12A      311       0
                text5                              2782     2782       D2      311       0
                text4                              397E     397E       26      311       0
                text3                              385A     385A       36      311       0
                text2                              3406     3406       56      311       0
                text1                              3658     3658       46      311       0
                text0                               B9A      B9A      396      311       0
                cstackCOMRAM                          1        1       7D        1       1
                cstackBANK0                          BF       BF       2A       80       1
                dataBANK1                           130      130       1F      100       1
                bssBANK1                            100      100       30      100       1
                dataBANK0                            E9       E9        C       80       1
                bssBANK0                             80       80       3F       80       1
                bssCOMRAM                            7E       7E        2        1       1
                cinit                              31BC     31BC       66      311       0
                idataBANK1                         39CA     39CA       1F      311       0
                idataBANK0                         3B42     3B42        C     1CF5       0

TOTAL           Name                               Link     Load   Length     Space
        CLASS   CODE           
                end_init                              0        0        4         0
                text86                             2D5E     2D5E       90         0
                text85                             3820     3820       3A         0
                text84                             33AA     33AA       5C         0
                text83                             3B6E     3B6E        6         0
                text82                             3B74     3B74        4         0
                text81                             3B64     3B64        A         0
                text80                             3ABC     3ABC       14         0
                text79                             2CCE     2CCE       90         0
                text78                             3074     3074       72         0
                text77                             3B16     3B16       10         0
                text76                             3B34     3B34        E         0
                text75                             38FC     38FC       2E         0
                text74                             3AA6     3AA6       16         0
                text73                             3766     3766       42         0
                text72                             3954     3954       2A         0
                text71                             32EC     32EC       62         0
                text70                             23F6     23F6       F2         0
                text69                             2C3C     2C3C       92         0
                text68                             3608     3608       50         0
                text67                             3B4E     3B4E        C         0
                text66                             355E     355E       56         0
                text65                             3A40     3A40       1C         0
                text64                             2DEE     2DEE       8C         0
                text63                             3B26     3B26        E         0
                text62                             3508     3508       56         0
                text61                             34B2     34B2       56         0
                text60                             1B0A     1B0A      12E         0
                text59                             26AA     26AA       D8         0
                text58                             345C     345C       56         0
                text57                             2E7A     2E7A       86         0
                text56                              622      622      578         0
                text55                             1616     1616      1CC         0
                text54                             21E8     21E8      110         0
                text53                             1D62     1D62      128         0
                text52                             2854     2854       B8         0
                text51                             2F00     2F00       84         0
                text50                             25CA     25CA       E0         0
                text49                             11AC     11AC      24C         0
                text48                             38C6     38C6       36         0
                text47                             13F8     13F8      21E         0
                text46                             3A24     3A24       1C         0
                text45                             3A76     3A76       1A         0
                text44                             30E6     30E6       6C         0
                text43                             20CA     20CA      11E         0
                text42                             1FAC     1FAC      11E         0
                text41                             3002     3002       72         0
                text40                             3B06     3B06       10         0
                text39                             35B4     35B4       54         0
                text38                             2B0E     2B0E       9A         0
                text37                             29BE     29BE       B2         0
                text36                             369E     369E       44         0
                text35                             290C     290C       B2         0
                text34                             22F8     22F8       FE         0
                text33                             2F84     2F84       7E         0
                text32                             3152     3152       6A         0
                text31                             334E     334E       5C         0
                text30                             3A90     3A90       16         0
                text29                             3222     3222       66         0
                text28                             3A5C     3A5C       1A         0
                text27                             3AF4     3AF4       12         0
                text26                             392A     392A       2A         0
                text25                             3724     3724       42         0
                text24                             39EA     39EA       1E         0
                text23                             3B5A     3B5A        A         0
                text22                             3288     3288       64         0
                text21                             3A08     3A08       1C         0
                text20                             1E8A     1E8A      122         0
                text19                             3AE2     3AE2       12         0
                text18                             2BA8     2BA8       94         0
                text17                             2A70     2A70       9E         0
                text16                             3AD0     3AD0       12         0
                text15                             37E4     37E4       3C         0
                text14                             3890     3890       36         0
                text13                             37A8     37A8       3C         0
                text12                             19A2     19A2      168         0
                text11                             39A4     39A4       26         0
                text10                             36E2     36E2       42         0
                text9                              24E8     24E8       E2         0
                text8                              17E2     17E2      1C0         0
                text7                               F30      F30      27C         0
                text6                              1C38     1C38      12A         0
                text5                              2782     2782       D2         0
                text4                              397E     397E       26         0
                text3                              385A     385A       36         0
                text2                              3406     3406       56         0
                text1                              3658     3658       46         0
                text0                               B9A      B9A      396         0
                cinit                              31BC     31BC       66         0
                idataBANK1                         39CA     39CA       1F         0
                idataBANK0                         3B42     3B42        C         0

        CLASS   CONST          

        CLASS   SMALLCONST     
                smallconst                          600      600       22         0

        CLASS   MEDIUMCONST    

        CLASS   COMRAM         
                cstackCOMRAM                          1        1       7D         1
                bssCOMRAM                            7E       7E        2         1

        CLASS   ABS1           

        CLASS   BIGRAM         

        CLASS   RAM            

        CLASS   BANK0          
                cstackBANK0                          BF       BF       2A         1
                dataBANK0                            E9       E9        C         1
                bssBANK0                             80       80       3F         1

        CLASS   BANK1          
                dataBANK1                           130      130       1F         1
                bssBANK1                            100      100       30         1

        CLASS   BANK2          

        CLASS   BANK3          

        CLASS   BANK4          

        CLASS   BANK5          

        CLASS   SFR            

        CLASS   FARRAM         

        CLASS   CONFIG         
                config                           300000   300000        E         0

        CLASS   IDLOC          
                idloc                            200000   200000        8         0

        CLASS   EEDATA         



SEGMENTS        Name                           Load    Length   Top    Selector   Space  Class

                reset_vec                      000000  000004  000004         0       0  CODE    
                cstackCOMRAM                   000001  00007F  000080         1       1  COMRAM  
                bssBANK0                       000080  000075  0000F5        80       1  BANK0   
                bssBANK1                       000100  00004F  00014F       100       1  BANK1   
                smallconst                     000600  000022  000622       300       0  SMALLCON
                text56                         000622  0033C7  0039E9       311       0  CODE    
                text24                         0039EA  00018E  003B78      1CF5       0  CODE    
                idloc                          200000  000008  200008    200000       0  IDLOC   
                config                         300000  00000E  30000E    300000       0  CONFIG  


UNUSED ADDRESS RANGES

        Name                Unused          Largest block    Delta
        BANK0            0000F5-0000FF                B
        BANK1            00014F-0001FF               B1
        BANK2            000200-0002FF              100
        BANK3            000300-0003FF              100
        BANK4            000400-0004FF              100
        BANK5            000500-0005FF              100
        BIGRAM           0000F5-0000FF                B
                         00014F-0005FF              4B1
        CODE             000004-0005FF              5FC
                         0039E9-0039E9                1
                         003B78-007FFF             4488
        CONST            000004-0005FF              5FC
                         0039E9-0039E9                1
                         003B78-007FFF             4488
        EEDATA           F00000-F000FF              100
        MEDIUMCONST      0039E9-0039E9                1
                         003B78-007FFF             4488
        RAM              0000F5-0000FF                B
                         00014F-0005FF              100
        SFR              000F80-000FFF               80
        SMALLCONST       0039E9-0039E9                1
                         003B78-007FFF              100

                                  Symbol Table

?_Delay10KTCYx               cstackCOMRAM 000001
?_Delay10TCYx                cstackCOMRAM 000001
?_OpenADC                    cstackCOMRAM 000001
?_OpenI2C                    cstackCOMRAM 000001
?_OpenUSART                  cstackCOMRAM 000001
?_ReadADC                    cstackCOMRAM 000001
?_SetChanADC                 cstackCOMRAM 000001
?_WriteI2C                   cstackCOMRAM 000001
?_WriteUSART                 cstackCOMRAM 000001
?___aldiv                    cstackCOMRAM 000001
?___altoft                   cstackCOMRAM 000010
?___asftmul                  cstackCOMRAM 00002E
?___asftsub                  cstackCOMRAM 000042
?___awdiv                    cstackCOMRAM 000001
?___awtoft                   cstackCOMRAM 000018
?___ftadd                    cstackCOMRAM 00002E
?___ftdiv                    cstackCOMRAM 00001D
?___ftge                     cstackCOMRAM 00000C
?___ftmul                    cstackCOMRAM 00001D
?___ftneg                    cstackCOMRAM 000009
?___ftpack                   cstackCOMRAM 000001
?___ftsub                    cstackCOMRAM 00003C
?___fttol                    cstackCOMRAM 000009
?___lldiv                    cstackCOMRAM 000001
?___lmul                     cstackCOMRAM 000001
?___lwdiv                    cstackCOMRAM 000007
?___lwmod                    cstackCOMRAM 000001
?___wmul                     cstackCOMRAM 000001
?_accelGetADC                cstackCOMRAM 00000A
?_accelGetRoll               cstackCOMRAM 000070
?_asin                       cstackCOMRAM 00005B
?_atan                       cstackCOMRAM 00004B
?_baroConvertAlt             cstackCOMRAM 00003C
?_baroGetVal                 cstackCOMRAM 000002
?_baroTruePres               cstackCOMRAM 000010
?_baroTrueTemp               cstackCOMRAM 000010
?_battConfigByte             cstackCOMRAM 000002
?_battReadWord               cstackCOMRAM 000002
?_battSafeCheck              cstackCOMRAM 000012
?_eval_poly                  cstackCOMRAM 00003C
?_fabs                       cstackCOMRAM 000015
?_getArrayCurrent            cstackCOMRAM 00002E
?_getArrayPower              cstackCOMRAM 00002E
?_getArrayVoltage            cstackCOMRAM 00002E
?_gyroGetADC                 cstackCOMRAM 00000A
?_morseCode                  cstackCOMRAM 000004
?_sqrt                       cstackCOMRAM 000047
?_transmitError              cstackCOMRAM 000010
?_updateBattData             cstackCOMRAM 000009
?_updatePwrData              cstackCOMRAM 000037
?_updateSensorARData         cstackCOMRAM 00007B
?_updateXBeeData             cstackCOMRAM 000013
?_xBeeATCommand              cstackCOMRAM 000010
?_xBeeATCommandUC            cstackCOMRAM 000010
?_xBeeRxInt                  cstackCOMRAM 000002
?_xBeeRxLong                 cstackCOMRAM 000002
?_xBeeTxByte                 cstackCOMRAM 00000F
?_xBeeTxInt                  cstackCOMRAM 000010
?_xBeeTxLong                 cstackCOMRAM 000010
?_xBeeTxString               cstackCOMRAM 000010
?_xBeeTxXBee                 cstackCOMRAM 00001B
Delay10KTCYx@unit            cstackCOMRAM 000001
Delay10TCYx@unit             cstackCOMRAM 000001
OpenADC@config               cstackCOMRAM 000001
OpenADC@config2              cstackCOMRAM 000002
OpenADC@portconfig           cstackCOMRAM 000003
OpenI2C@slew                 cstackCOMRAM 000002
OpenI2C@sync_mode            cstackCOMRAM 000001
OpenUSART@config             cstackCOMRAM 000001
OpenUSART@spbrg              cstackCOMRAM 000002
ReadUSART@data               cstackCOMRAM 000001
SetChanADC@channel           cstackCOMRAM 000001
WriteI2C@data_out            cstackCOMRAM 000001
WriteUSART@data              cstackCOMRAM 000001
_AC1                         bssBANK0     00009C
_AC2                         bssBANK0     00009E
_AC3                         bssBANK0     0000A0
_AC4                         bssBANK0     0000A2
_AC5                         bssBANK0     0000A4
_AC6                         bssBANK0     0000A6
_ADCON0                      (abs)        000FC2
_ADCON0bits                  (abs)        000FC2
_ADCON1                      (abs)        000FC1
_ADCON2                      (abs)        000FC0
_ADRESH                      (abs)        000FC4
_ADRESL                      (abs)        000FC3
_B1                          bssBANK0     0000A8
_B2                          bssBANK0     0000AA
_B3                          bssBANK0     000080
_B4                          bssBANK0     000084
_B5                          bssBANK0     000088
_B6                          bssBANK0     00008C
_B7                          bssBANK0     000090
_BAUDCON                     (abs)        000FB8
_BusyADC                     text83       003B6E
_ConvertADC                  text82       003B74
_Delay10KTCYx                text74       003AA6
_Delay10TCYx                 text63       003B26
_INTCON2bits                 (abs)        000FF1
_INTCONbits                  (abs)        000FF2
_IPR1bits                    (abs)        000F9F
_IdleI2C                     text67       003B4E
_MB                          bssBANK0     0000AC
_MC                          bssBANK0     0000AE
_MD                          bssBANK0     0000B0
_OpenADC                     text84       0033AA
_OpenI2C                     text46       003A24
_OpenUSART                   text31       00334E
_PIE1                        (abs)        000F9D
_PIE1bits                    (abs)        000F9D
_PIR1bits                    (abs)        000F9E
_PIR2bits                    (abs)        000FA1
_PORTA                       (abs)        000F80
_PORTAbits                   (abs)        000F80
_PORTB                       (abs)        000F81
_PORTBbits                   (abs)        000F81
_PORTC                       (abs)        000F82
_PORTCbits                   (abs)        000F82
_RCONbits                    (abs)        000FD0
_RCREG                       (abs)        000FAE
_RCSTA                       (abs)        000FAB
_RCSTAbits                   (abs)        000FAB
_ReadADC                     text81       003B64
_ReadI2C                     text65       003A40
_ReadUSART                   text24       0039EA
_SPBRG                       (abs)        000FAF
_SPBRGH                      (abs)        000FB0
_SSPADD                      (abs)        000FC8
_SSPBUF                      (abs)        000FC9
_SSPCON1                     (abs)        000FC6
_SSPCON1bits                 (abs)        000FC6
_SSPCON2                     (abs)        000FC5
_SSPCON2bits                 (abs)        000FC5
_SSPSTAT                     (abs)        000FC7
_SSPSTATbits                 (abs)        000FC7
_SetChanADC                  text80       003ABC
_T0CONbits                   (abs)        000FD5
_T1CONbits                   (abs)        000FCD
_TRISA                       (abs)        000F92
_TRISB                       (abs)        000F93
_TRISC                       (abs)        000F94
_TRISCbits                   (abs)        000F94
_TXREG                       (abs)        000FAD
_TXSTA                       (abs)        000FAC
_TXSTAbits                   (abs)        000FAC
_USART_Status                bssCOMRAM    00007E
_WriteI2C                    text66       00355E
_WriteUSART                  text77       003B16
__CFG_LVP$OFF                (abs)        000000
__CFG_MCLRE$ON               (abs)        000000
__CFG_OSC$HSPLL              (abs)        000000
__CFG_WDT$OFF                (abs)        000000
__CFG_WDTPS$256              (abs)        000000
__HRAM                       (abs)        000000
__Habs1                      abs1         000000
__Hbank0                     bank0        000000
__Hbank1                     bank1        000000
__Hbank2                     bank2        000000
__Hbank3                     bank3        000000
__Hbank4                     bank4        000000
__Hbank5                     bank5        000000
__Hbigbss                    bigbss       000000
__Hbigdata                   bigdata      000000
__Hbigram                    bigram       000000
__Hbss                       bss          000000
__HbssBANK0                  bssBANK0     000000
__HbssBANK1                  bssBANK1     000000
__HbssCOMRAM                 bssCOMRAM    000000
__Hcinit                     cinit        000000
__Hclrtext                   clrtext      000000
__Hcomram                    comram       000000
__Hconfig                    config       30000E
__Hconst                     const        000000
__HcstackBANK0               cstackBANK0  000000
__HcstackCOMRAM              cstackCOMRAM 000000
__Hdata                      data         000000
__HdataBANK0                 dataBANK0    000000
__HdataBANK1                 dataBANK1    000000
__Heeprom_data               eeprom_data  000000
__Hend_init                  end_init     000004
__Hfarbss                    farbss       000000
__Hfardata                   fardata      000000
__Hibigdata                  ibigdata     000000
__Hidata                     idata        000000
__HidataBANK0                idataBANK0   000000
__HidataBANK1                idataBANK1   000000
__Hidloc                     idloc        200008
__Hifardata                  ifardata     000000
__Hinit                      init         000000
__Hintcode                   intcode      000000
__Hintcode_body              intcode_body 000000
__Hintcodelo                 intcodelo    000000
__Hintentry                  intentry     000000
__Hintret                    intret       000000
__Hintsave_regs              intsave_regs 000000
__Hirdata                    irdata       000000
__Hmediumconst               mediumconst  000000
__HnvFARRAM                  nvFARRAM     000000
__Hnvbit                     nvbit        000000
__Hnvrram                    nvrram       000000
__Hparam                     rparam       000000
__Hpowerup                   powerup      000000
__Hram                       ram          000000
__Hramtop                    ramtop       000600
__Hrbit                      rbit         000000
__Hrbss                      rbss         000000
__Hrdata                     rdata        000000
__Hreset_vec                 reset_vec    000000
__Hrparam                    rparam       000000
__Hsfr                       sfr          000000
__Hsmallconst                smallconst   000622
__Hstruct                    struct       000000
__Htemp                      temp         000000
__Htext                      text         000000
__Htext0                     text0        000000
__Htext1                     text1        000000
__Htext10                    text10       000000
__Htext11                    text11       000000
__Htext12                    text12       000000
__Htext13                    text13       000000
__Htext14                    text14       000000
__Htext15                    text15       000000
__Htext16                    text16       000000
__Htext17                    text17       000000
__Htext18                    text18       000000
__Htext19                    text19       000000
__Htext2                     text2        000000
__Htext20                    text20       000000
__Htext21                    text21       000000
__Htext22                    text22       000000
__Htext23                    text23       000000
__Htext24                    text24       000000
__Htext25                    text25       000000
__Htext26                    text26       000000
__Htext27                    text27       000000
__Htext28                    text28       000000
__Htext29                    text29       000000
__Htext3                     text3        000000
__Htext30                    text30       000000
__Htext31                    text31       000000
__Htext32                    text32       000000
__Htext33                    text33       000000
__Htext34                    text34       000000
__Htext35                    text35       000000
__Htext36                    text36       000000
__Htext37                    text37       000000
__Htext38                    text38       000000
__Htext39                    text39       000000
__Htext4                     text4        000000
__Htext40                    text40       000000
__Htext41                    text41       000000
__Htext42                    text42       000000
__Htext43                    text43       000000
__Htext44                    text44       000000
__Htext45                    text45       000000
__Htext46                    text46       000000
__Htext47                    text47       000000
__Htext48                    text48       000000
__Htext49                    text49       000000
__Htext5                     text5        000000
__Htext50                    text50       000000
__Htext51                    text51       000000
__Htext52                    text52       000000
__Htext53                    text53       000000
__Htext54                    text54       000000
__Htext55                    text55       000000
__Htext56                    text56       000000
__Htext57                    text57       000000
__Htext58                    text58       000000
__Htext59                    text59       000000
__Htext6                     text6        000000
__Htext60                    text60       000000
__Htext61                    text61       000000
__Htext62                    text62       000000
__Htext63                    text63       000000
__Htext64                    text64       000000
__Htext65                    text65       000000
__Htext66                    text66       000000
__Htext67                    text67       000000
__Htext68                    text68       000000
__Htext69                    text69       000000
__Htext7                     text7        000000
__Htext70                    text70       000000
__Htext71                    text71       000000
__Htext72                    text72       000000
__Htext73                    text73       000000
__Htext74                    text74       000000
__Htext75                    text75       000000
__Htext76                    text76       000000
__Htext77                    text77       000000
__Htext78                    text78       000000
__Htext79                    text79       000000
__Htext8                     text8        000000
__Htext80                    text80       000000
__Htext81                    text81       000000
__Htext82                    text82       000000
__Htext83                    text83       000000
__Htext84                    text84       000000
__Htext85                    text85       000000
__Htext86                    text86       000000
__Htext9                     text9        000000
__LRAM                       (abs)        000001
__Labs1                      abs1         000000
__Lbank0                     bank0        000000
__Lbank1                     bank1        000000
__Lbank2                     bank2        000000
__Lbank3                     bank3        000000
__Lbank4                     bank4        000000
__Lbank5                     bank5        000000
__Lbigbss                    bigbss       000000
__Lbigdata                   bigdata      000000
__Lbigram                    bigram       000000
__Lbss                       bss          000000
__LbssBANK0                  bssBANK0     000000
__LbssBANK1                  bssBANK1     000000
__LbssCOMRAM                 bssCOMRAM    000000
__Lcinit                     cinit        000000
__Lclrtext                   clrtext      000000
__Lcomram                    comram       000000
__Lconfig                    config       300000
__Lconst                     const        000000
__LcstackBANK0               cstackBANK0  000000
__LcstackCOMRAM              cstackCOMRAM 000000
__Ldata                      data         000000
__LdataBANK0                 dataBANK0    000000
__LdataBANK1                 dataBANK1    000000
__Leeprom_data               eeprom_data  000000
__Lend_init                  end_init     000000
__Lfarbss                    farbss       000000
__Lfardata                   fardata      000000
__Libigdata                  ibigdata     000000
__Lidata                     idata        000000
__LidataBANK0                idataBANK0   000000
__LidataBANK1                idataBANK1   000000
__Lidloc                     idloc        200000
__Lifardata                  ifardata     000000
__Linit                      init         000000
__Lintcode                   intcode      000000
__Lintcode_body              intcode_body 000000
__Lintcodelo                 intcodelo    000000
__Lintentry                  intentry     000000
__Lintret                    intret       000000
__Lintsave_regs              intsave_regs 000000
__Lirdata                    irdata       000000
__Lmediumconst               mediumconst  000000
__LnvFARRAM                  nvFARRAM     000000
__Lnvbit                     nvbit        000000
__Lnvrram                    nvrram       000000
__Lparam                     rparam       000000
__Lpowerup                   powerup      000000
__Lram                       ram          000000
__Lramtop                    ramtop       000600
__Lrbit                      rbit         000000
__Lrbss                      rbss         000000
__Lrdata                     rdata        000000
__Lreset_vec                 reset_vec    000000
__Lrparam                    rparam       000000
__Lsfr                       sfr          000000
__Lsmallconst                smallconst   000600
__Lstruct                    struct       000000
__Ltemp                      temp         000000
__Ltext                      text         000000
__Ltext0                     text0        000000
__Ltext1                     text1        000000
__Ltext10                    text10       000000
__Ltext11                    text11       000000
__Ltext12                    text12       000000
__Ltext13                    text13       000000
__Ltext14                    text14       000000
__Ltext15                    text15       000000
__Ltext16                    text16       000000
__Ltext17                    text17       000000
__Ltext18                    text18       000000
__Ltext19                    text19       000000
__Ltext2                     text2        000000
__Ltext20                    text20       000000
__Ltext21                    text21       000000
__Ltext22                    text22       000000
__Ltext23                    text23       000000
__Ltext24                    text24       000000
__Ltext25                    text25       000000
__Ltext26                    text26       000000
__Ltext27                    text27       000000
__Ltext28                    text28       000000
__Ltext29                    text29       000000
__Ltext3                     text3        000000
__Ltext30                    text30       000000
__Ltext31                    text31       000000
__Ltext32                    text32       000000
__Ltext33                    text33       000000
__Ltext34                    text34       000000
__Ltext35                    text35       000000
__Ltext36                    text36       000000
__Ltext37                    text37       000000
__Ltext38                    text38       000000
__Ltext39                    text39       000000
__Ltext4                     text4        000000
__Ltext40                    text40       000000
__Ltext41                    text41       000000
__Ltext42                    text42       000000
__Ltext43                    text43       000000
__Ltext44                    text44       000000
__Ltext45                    text45       000000
__Ltext46                    text46       000000
__Ltext47                    text47       000000
__Ltext48                    text48       000000
__Ltext49                    text49       000000
__Ltext5                     text5        000000
__Ltext50                    text50       000000
__Ltext51                    text51       000000
__Ltext52                    text52       000000
__Ltext53                    text53       000000
__Ltext54                    text54       000000
__Ltext55                    text55       000000
__Ltext56                    text56       000000
__Ltext57                    text57       000000
__Ltext58                    text58       000000
__Ltext59                    text59       000000
__Ltext6                     text6        000000
__Ltext60                    text60       000000
__Ltext61                    text61       000000
__Ltext62                    text62       000000
__Ltext63                    text63       000000
__Ltext64                    text64       000000
__Ltext65                    text65       000000
__Ltext66                    text66       000000
__Ltext67                    text67       000000
__Ltext68                    text68       000000
__Ltext69                    text69       000000
__Ltext7                     text7        000000
__Ltext70                    text70       000000
__Ltext71                    text71       000000
__Ltext72                    text72       000000
__Ltext73                    text73       000000
__Ltext74                    text74       000000
__Ltext75                    text75       000000
__Ltext76                    text76       000000
__Ltext77                    text77       000000
__Ltext78                    text78       000000
__Ltext79                    text79       000000
__Ltext8                     text8        000000
__Ltext80                    text80       000000
__Ltext81                    text81       000000
__Ltext82                    text82       000000
__Ltext83                    text83       000000
__Ltext84                    text84       000000
__Ltext85                    text85       000000
__Ltext86                    text86       000000
__Ltext9                     text9        000000
__S0                         (abs)        30000E
__S1                         (abs)        00014F
___aldiv                     text59       0026AA
___aldiv@counter             cstackCOMRAM 00000A
___aldiv@dividend            cstackCOMRAM 000001
___aldiv@divisor             cstackCOMRAM 000005
___aldiv@quotient            cstackCOMRAM 00000C
___aldiv@sign                cstackCOMRAM 00000B
___altoft                    text51       002F00
___altoft@c                  cstackCOMRAM 000010
___altoft@exp                cstackCOMRAM 000018
___altoft@sign               cstackCOMRAM 000019
___asftmul                   text15       0037E4
___asftmul@f1p               cstackCOMRAM 00002E
___asftmul@f2                cstackCOMRAM 000030
___asftsub                   text13       0037A8
___asftsub@f1p               cstackCOMRAM 000042
___asftsub@f2                cstackCOMRAM 000044
___awdiv                     text79       002CCE
___awdiv@counter             cstackCOMRAM 000006
___awdiv@dividend            cstackCOMRAM 000001
___awdiv@divisor             cstackCOMRAM 000003
___awdiv@quotient            cstackCOMRAM 000008
___awdiv@sign                cstackCOMRAM 000007
___awtoft                    text36       00369E
___awtoft@c                  cstackCOMRAM 000018
___awtoft@sign               cstackCOMRAM 00001C
___ftadd                     text55       001616
___ftadd@exp1                cstackCOMRAM 00003B
___ftadd@exp2                cstackCOMRAM 00003A
___ftadd@f1                  cstackCOMRAM 00002E
___ftadd@f2                  cstackCOMRAM 000031
___ftadd@sign                cstackCOMRAM 000039
___ftdiv                     text34       0022F8
___ftdiv@cntr                cstackCOMRAM 000028
___ftdiv@exp                 cstackCOMRAM 00002C
___ftdiv@f1                  cstackCOMRAM 00001D
___ftdiv@f2                  cstackCOMRAM 000020
___ftdiv@f3                  cstackCOMRAM 000029
___ftdiv@sign                cstackCOMRAM 00002D
___ftge                      text86       002D5E
___ftge@ff1                  cstackCOMRAM 00000C
___ftge@ff2                  cstackCOMRAM 00000F
___ftmul                     text54       0021E8
___ftmul@cntr                cstackCOMRAM 00002C
___ftmul@exp                 cstackCOMRAM 000028
___ftmul@f1                  cstackCOMRAM 00001D
___ftmul@f2                  cstackCOMRAM 000020
___ftmul@f3_as_product       cstackCOMRAM 000029
___ftmul@sign                cstackCOMRAM 00002D
___ftneg                     text11       0039A4
___ftneg@f1                  cstackCOMRAM 000009
___ftpack                    text52       002854
___ftpack@arg                cstackCOMRAM 000001
___ftpack@exp                cstackCOMRAM 000004
___ftpack@sign               cstackCOMRAM 000005
___ftsub                     text14       003890
___ftsub@f1                  cstackCOMRAM 00003C
___ftsub@f2                  cstackCOMRAM 00003F
___fttol                     text50       0025CA
___fttol@exp1                cstackCOMRAM 000017
___fttol@f1                  cstackCOMRAM 000009
___fttol@lval                cstackCOMRAM 000013
___fttol@sign1               cstackCOMRAM 000012
___lldiv                     text57       002E7A
___lldiv@counter             cstackCOMRAM 00000E
___lldiv@dividend            cstackCOMRAM 000001
___lldiv@divisor             cstackCOMRAM 000005
___lldiv@quotient            cstackCOMRAM 00000A
___lmul                      text58       00345C
___lmul@multiplicand         cstackCOMRAM 000005
___lmul@multiplier           cstackCOMRAM 000001
___lmul@product              cstackCOMRAM 000009
___lwdiv                     text2        003406
___lwdiv@counter             cstackCOMRAM 00000E
___lwdiv@dividend            cstackCOMRAM 000007
___lwdiv@divisor             cstackCOMRAM 000009
___lwdiv@quotient            cstackCOMRAM 00000C
___lwmod                     text1        003658
___lwmod@counter             cstackCOMRAM 000006
___lwmod@dividend            cstackCOMRAM 000001
___lwmod@divisor             cstackCOMRAM 000003
___wmul                      text85       003820
___wmul@multiplicand         cstackCOMRAM 000003
___wmul@multiplier           cstackCOMRAM 000001
___wmul@product              cstackCOMRAM 000005
__accesstop                  (abs)        000080
__activetblptr               (abs)        000002
__end_of_BusyADC             text83       003B74
__end_of_ConvertADC          text82       003B78
__end_of_Delay10KTCYx        text74       003ABC
__end_of_Delay10TCYx         text63       003B34
__end_of_IdleI2C             text67       003B5A
__end_of_OpenADC             text84       003406
__end_of_OpenI2C             text46       003A40
__end_of_OpenUSART           text31       0033AA
__end_of_ReadADC             text81       003B6E
__end_of_ReadI2C             text65       003A5C
__end_of_ReadUSART           text24       003A08
__end_of_SetChanADC          text80       003AD0
__end_of_WriteI2C            text66       0035B4
__end_of_WriteUSART          text77       003B26
__end_of___aldiv             text59       002782
__end_of___altoft            text51       002F84
__end_of___asftmul           text15       003820
__end_of___asftsub           text13       0037E4
__end_of___awdiv             text79       002D5E
__end_of___awtoft            text36       0036E2
__end_of___ftadd             text55       0017E2
__end_of___ftdiv             text34       0023F6
__end_of___ftge              text86       002DEE
__end_of___ftmul             text54       0022F8
__end_of___ftneg             text11       0039CA
__end_of___ftpack            text52       00290C
__end_of___ftsub             text14       0038C6
__end_of___fttol             text50       0026AA
__end_of___lldiv             text57       002F00
__end_of___lmul              text58       0034B2
__end_of___lwdiv             text2        00345C
__end_of___lwmod             text1        00369E
__end_of___wmul              text85       00385A
__end_of__initialization     cinit        003218
__end_of_accelCalibrate      text68       003658
__end_of_accelGetADC         text78       0030E6
__end_of_accelGetRoll        text6        001D62
__end_of_accelSelfTest       text69       002CCE
__end_of_asin                text7        0011AC
__end_of_atan                text8        0019A2
__end_of_baroCalibrate       text49       0013F8
__end_of_baroConvertAlt      text53       001E8A
__end_of_baroGetVal          text64       002E7A
__end_of_baroPresStart       text61       003508
__end_of_baroTempStart       text62       00355E
__end_of_baroTruePres        text56       000B9A
__end_of_baroTrueTemp        text60       001C38
__end_of_battConfig          text47       001616
__end_of_battConfigByte      text48       0038FC
__end_of_battReadWord        text44       003152
__end_of_battSafeCheck       text42       0020CA
__end_of_blinkLED            text4        0039A4
__end_of_eval_poly           text9        0025CA
__end_of_fabs                text10       003724
__end_of_getArrayCurrent     text35       0029BE
__end_of_getArrayPower       text33       003002
__end_of_getArrayVoltage     text37       002A70
__end_of_gyroCalibrate       text39       003608
__end_of_gyroGetADC          text41       003074
__end_of_gyroSelfTest        text38       002BA8
__end_of_gyroTimerStart      text40       003B16
__end_of_main                text0        000F30
__end_of_morseCode           text70       0024E8
__end_of_morseLong           text73       0037A8
__end_of_morseShort          text72       00397E
__end_of_morseStop           text71       00334E
__end_of_openRS232           text30       003AA6
__end_of_openSMBus           text45       003A90
__end_of_sqrt                text12       001B0A
__end_of_telemTimerStart     text16       003AE2
__end_of_transmitError       text75       00392A
__end_of_updateBattData      text43       0021E8
__end_of_updatePwrData       text32       0031BC
__end_of_updateSensorARData  text5        002854
__end_of_updateXBeeData      text20       001FAC
__end_of_xBeeATCommand       text27       003B06
__end_of_xBeeATCommandUC     text28       003A76
__end_of_xBeeConfig          text25       003766
__end_of_xBeeEndATMode       text26       003954
__end_of_xBeeRxByte          text23       003B64
__end_of_xBeeRxInt           text21       003A24
__end_of_xBeeRxLong          text22       0032EC
__end_of_xBeeSetATMode       text29       003288
__end_of_xBeeTxByte          text76       003B42
__end_of_xBeeTxInt           text19       003AF4
__end_of_xBeeTxLong          text18       002C3C
__end_of_xBeeTxString        text3        003890
__end_of_xBeeTxXBee          text17       002B0E
__end_ofatan@coeff_a         smallconst   000612
__end_ofatan@coeff_b         smallconst   000621
__initialization             cinit        0031BC
__mediumconst                mediumconst  000000
__pbssBANK0                  bssBANK0     000080
__pbssBANK1                  bssBANK1     000100
__pbssCOMRAM                 bssCOMRAM    00007E
__pcinit                     cinit        0031BC
__pcstackBANK0               cstackBANK0  0000BF
__pcstackCOMRAM              cstackCOMRAM 000001
__pdataBANK0                 dataBANK0    0000E9
__pdataBANK1                 dataBANK1    000130
__pidataBANK0                idataBANK0   003B42
__pidataBANK1                idataBANK1   0039CA
__psmallconst                smallconst   000600
__ptext0                     text0        000B9A
__ptext1                     text1        003658
__ptext10                    text10       0036E2
__ptext11                    text11       0039A4
__ptext12                    text12       0019A2
__ptext13                    text13       0037A8
__ptext14                    text14       003890
__ptext15                    text15       0037E4
__ptext16                    text16       003AD0
__ptext17                    text17       002A70
__ptext18                    text18       002BA8
__ptext19                    text19       003AE2
__ptext2                     text2        003406
__ptext20                    text20       001E8A
__ptext21                    text21       003A08
__ptext22                    text22       003288
__ptext23                    text23       003B5A
__ptext24                    text24       0039EA
__ptext25                    text25       003724
__ptext26                    text26       00392A
__ptext27                    text27       003AF4
__ptext28                    text28       003A5C
__ptext29                    text29       003222
__ptext3                     text3        00385A
__ptext30                    text30       003A90
__ptext31                    text31       00334E
__ptext32                    text32       003152
__ptext33                    text33       002F84
__ptext34                    text34       0022F8
__ptext35                    text35       00290C
__ptext36                    text36       00369E
__ptext37                    text37       0029BE
__ptext38                    text38       002B0E
__ptext39                    text39       0035B4
__ptext4                     text4        00397E
__ptext40                    text40       003B06
__ptext41                    text41       003002
__ptext42                    text42       001FAC
__ptext43                    text43       0020CA
__ptext44                    text44       0030E6
__ptext45                    text45       003A76
__ptext46                    text46       003A24
__ptext47                    text47       0013F8
__ptext48                    text48       0038C6
__ptext49                    text49       0011AC
__ptext5                     text5        002782
__ptext50                    text50       0025CA
__ptext51                    text51       002F00
__ptext52                    text52       002854
__ptext53                    text53       001D62
__ptext54                    text54       0021E8
__ptext55                    text55       001616
__ptext56                    text56       000622
__ptext57                    text57       002E7A
__ptext58                    text58       00345C
__ptext59                    text59       0026AA
__ptext6                     text6        001C38
__ptext60                    text60       001B0A
__ptext61                    text61       0034B2
__ptext62                    text62       003508
__ptext63                    text63       003B26
__ptext64                    text64       002DEE
__ptext65                    text65       003A40
__ptext66                    text66       00355E
__ptext67                    text67       003B4E
__ptext68                    text68       003608
__ptext69                    text69       002C3C
__ptext7                     text7        000F30
__ptext70                    text70       0023F6
__ptext71                    text71       0032EC
__ptext72                    text72       003954
__ptext73                    text73       003766
__ptext74                    text74       003AA6
__ptext75                    text75       0038FC
__ptext76                    text76       003B34
__ptext77                    text77       003B16
__ptext78                    text78       003074
__ptext79                    text79       002CCE
__ptext8                     text8        0017E2
__ptext80                    text80       003ABC
__ptext81                    text81       003B64
__ptext82                    text82       003B74
__ptext83                    text83       003B6E
__ptext84                    text84       0033AA
__ptext85                    text85       003820
__ptext86                    text86       002D5E
__ptext9                     text9        0024E8
__ramtop                     ramtop       000600
__size_of_BusyADC            (abs)        000000
__size_of_ConvertADC         (abs)        000000
__size_of_Delay10KTCYx       (abs)        000000
__size_of_Delay10TCYx        (abs)        000000
__size_of_IdleI2C            (abs)        000000
__size_of_OpenADC            (abs)        000000
__size_of_OpenI2C            (abs)        000000
__size_of_OpenUSART          (abs)        000000
__size_of_ReadADC            (abs)        000000
__size_of_ReadI2C            (abs)        000000
__size_of_ReadUSART          (abs)        000000
__size_of_SetChanADC         (abs)        000000
__size_of_WriteI2C           (abs)        000000
__size_of_WriteUSART         (abs)        000000
__size_of___aldiv            (abs)        000000
__size_of___altoft           (abs)        000000
__size_of___asftmul          (abs)        000000
__size_of___asftsub          (abs)        000000
__size_of___awdiv            (abs)        000000
__size_of___awtoft           (abs)        000000
__size_of___ftadd            (abs)        000000
__size_of___ftdiv            (abs)        000000
__size_of___ftge             (abs)        000000
__size_of___ftmul            (abs)        000000
__size_of___ftneg            (abs)        000000
__size_of___ftpack           (abs)        000000
__size_of___ftsub            (abs)        000000
__size_of___fttol            (abs)        000000
__size_of___lldiv            (abs)        000000
__size_of___lmul             (abs)        000000
__size_of___lwdiv            (abs)        000000
__size_of___lwmod            (abs)        000000
__size_of___wmul             (abs)        000000
__size_of_accelCalibrate     (abs)        000000
__size_of_accelGetADC        (abs)        000000
__size_of_accelGetRoll       (abs)        000000
__size_of_accelSelfTest      (abs)        000000
__size_of_asin               (abs)        000000
__size_of_atan               (abs)        000000
__size_of_baroCalibrate      (abs)        000000
__size_of_baroConvertAlt     (abs)        000000
__size_of_baroGetVal         (abs)        000000
__size_of_baroPresStart      (abs)        000000
__size_of_baroTempStart      (abs)        000000
__size_of_baroTruePres       (abs)        000000
__size_of_baroTrueTemp       (abs)        000000
__size_of_battConfig         (abs)        000000
__size_of_battConfigByte     (abs)        000000
__size_of_battReadWord       (abs)        000000
__size_of_battSafeCheck      (abs)        000000
__size_of_blinkLED           (abs)        000000
__size_of_eval_poly          (abs)        000000
__size_of_fabs               (abs)        000000
__size_of_getArrayCurrent    (abs)        000000
__size_of_getArrayPower      (abs)        000000
__size_of_getArrayVoltage    (abs)        000000
__size_of_gyroCalibrate      (abs)        000000
__size_of_gyroGetADC         (abs)        000000
__size_of_gyroSelfTest       (abs)        000000
__size_of_gyroTimerStart     (abs)        000000
__size_of_main               (abs)        000000
__size_of_morseCode          (abs)        000000
__size_of_morseLong          (abs)        000000
__size_of_morseShort         (abs)        000000
__size_of_morseStop          (abs)        000000
__size_of_openRS232          (abs)        000000
__size_of_openSMBus          (abs)        000000
__size_of_sqrt               (abs)        000000
__size_of_telemTimerStart    (abs)        000000
__size_of_transmitError      (abs)        000000
__size_of_updateBattData     (abs)        000000
__size_of_updatePwrData      (abs)        000000
__size_of_updateSensorARData (abs)        000000
__size_of_updateXBeeData     (abs)        000000
__size_of_xBeeATCommand      (abs)        000000
__size_of_xBeeATCommandUC    (abs)        000000
__size_of_xBeeConfig         (abs)        000000
__size_of_xBeeEndATMode      (abs)        000000
__size_of_xBeeRxByte         (abs)        000000
__size_of_xBeeRxInt          (abs)        000000
__size_of_xBeeRxLong         (abs)        000000
__size_of_xBeeSetATMode      (abs)        000000
__size_of_xBeeTxByte         (abs)        000000
__size_of_xBeeTxInt          (abs)        000000
__size_of_xBeeTxLong         (abs)        000000
__size_of_xBeeTxString       (abs)        000000
__size_of_xBeeTxXBee         (abs)        000000
__smallconst                 smallconst   000600
_accelCalibrate              text68       003608
_accelFail                   bssBANK0     0000B6
_accelGetADC                 text78       003074
_accelGetRoll                text6        001C38
_accelSelfTest               text69       002C3C
_accelZero                   dataBANK0    0000E9
_altOffset                   bssBANK0     000094
_asin                        text7        000F30
_asin$4852                   cstackCOMRAM 000061
_asin$4853                   cstackCOMRAM 00006D
_asin$4854                   cstackCOMRAM 000067
_asin$4855                   cstackCOMRAM 000064
_atan                        text8        0017E2
_baroCalibrate               text49       0011AC
_baroConvertAlt              text53       001D62
_baroConvertAlt$4851         cstackCOMRAM 000047
_baroGetVal                  text64       002DEE
_baroGetVal$2559             cstackCOMRAM 000007
_baroPresStart               text61       0034B2
_baroTempStart               text62       003508
_baroTruePres                text56       000622
_baroTruePres$4850           cstackCOMRAM 000025
_baroTrueTemp                text60       001B0A
_battConfig                  text47       0013F8
_battConfigByte              text48       0038C6
_battData                    bssBANK1     000100
_battPtr                     dataBANK0    0000EB
_battReadWord                text44       0030E6
_battSafeCheck               text42       001FAC
_blinkLED                    text4        00397E
_errno                       bssBANK0     0000B2
_eval_poly                   text9        0024E8
_fabs                        text10       0036E2
_getArrayCurrent             text35       00290C
_getArrayPower               text33       002F84
_getArrayVoltage             text37       0029BE
_gyroCalibrate               text39       0035B4
_gyroFail                    bssBANK0     0000B7
_gyroGetADC                  text41       003002
_gyroSelfTest                text38       002B0E
_gyroTimerStart              text40       003B06
_gyroZero                    dataBANK0    0000ED
_main                        text0        000B9A
_morseCode                   text70       0023F6
_morseLong                   text73       003766
_morseShort                  text72       003954
_morseStop                   text71       0032EC
_onLEDBlinker                bssCOMRAM    00007F
_openRS232                   text30       003A90
_openSMBus                   text45       003A76
_powerData                   bssBANK0     0000B9
_powerPtr                    dataBANK0    0000EF
_presSeaLevel                bssBANK0     000098
_sensorData                  bssBANK1     000122
_sensorPtr                   dataBANK0    0000F1
_sqrt                        text12       0019A2
_telemTimerStart             text16       003AD0
_transmitError               text75       0038FC
_updateBattData              text43       0020CA
_updatePwrData               text32       003152
_updateSensorARData          text5        002782
_updateXBeeData              text20       001E8A
_xBeeATCommand               text27       003AF4
_xBeeATCommandUC             text28       003A5C
_xBeeConfig                  text25       003724
_xBeeData                    bssBANK1     000112
_xBeeEndATMode               text26       00392A
_xBeePtr                     dataBANK0    0000F3
_xBeeRxByte                  text23       003B5A
_xBeeRxInt                   text21       003A08
_xBeeRxLong                  text22       003288
_xBeeSetATMode               text29       003222
_xBeeTxByte                  text76       003B34
_xBeeTxInt                   text19       003AE2
_xBeeTxLong                  text18       002BA8
_xBeeTxLong$3946             cstackCOMRAM 000019
_xBeeTxLong$3947             cstackCOMRAM 00001A
_xBeeTxString                text3        00385A
_xBeeTxXBee                  text17       002A70
accelCalibrate@average       cstackCOMRAM 000011
accelCalibrate@i             cstackCOMRAM 000013
accelGetADC@accelRaw         cstackCOMRAM 00000F
accelGetADC@i                cstackCOMRAM 00000D
accelGetRoll@accelRaw        cstackCOMRAM 000076
accelGetRoll@accelTemp       cstackCOMRAM 000078
accelGetRoll@rollAngle       cstackCOMRAM 000074
accelSelfTest@accelBase      cstackCOMRAM 000013
accelSelfTest@accelNew       cstackCOMRAM 000015
accelSelfTest@i              cstackCOMRAM 000017
asin@sgn                     cstackCOMRAM 00005E
asin@x                       cstackCOMRAM 00005B
asin@y                       cstackCOMRAM 00006A
atan@coeff_a                 smallconst   000600
atan@coeff_b                 smallconst   000612
atan@f                       cstackCOMRAM 00004B
atan@recip                   cstackCOMRAM 000054
atan@val                     cstackCOMRAM 000058
atan@val_squared             cstackCOMRAM 000055
atan@x                       cstackCOMRAM 000051
atan@y                       cstackCOMRAM 00004E
baroCalibrate@b              cstackCOMRAM 000052
baroCalibrate@m              cstackCOMRAM 00004F
baroCalibrate@presLocalRaw   cstackCOMRAM 000055
baroCalibrate@presLocalTrue  cstackCOMRAM 000059
baroCalibrate@temperatureRaw cstackCOMRAM 000057
baroConvertAlt@pressure      cstackCOMRAM 00003C
baroConvertAlt@ratio         cstackCOMRAM 000044
baroConvertAlt@val           cstackCOMRAM 00004A
baroGetVal@data              cstackCOMRAM 000005
baroGetVal@reg               cstackCOMRAM 000002
baroTruePres@X1              cstackCOMRAM 00002D
baroTruePres@X2              cstackCOMRAM 000029
baroTruePres@X3              cstackCOMRAM 000021
baroTruePres@pressure        cstackCOMRAM 000031
baroTruePres@rawPres         cstackCOMRAM 000010
baroTrueTemp@X1              cstackCOMRAM 000020
baroTrueTemp@X2              cstackCOMRAM 00001C
baroTrueTemp@rawTemp         cstackCOMRAM 000010
baroTrueTemp@temperature     cstackCOMRAM 000018
battConfigByte@data          cstackCOMRAM 000003
battConfigByte@reg           cstackCOMRAM 000002
battReadWord@reg             cstackCOMRAM 000002
battReadWord@value           cstackCOMRAM 000007
battSafeCheck@error          cstackCOMRAM 000016
battSafeCheck@ptr            cstackCOMRAM 000012
end_of_initialization        cinit        003218
eval_poly@d                  cstackCOMRAM 00003F
eval_poly@n                  cstackCOMRAM 000041
eval_poly@res                cstackCOMRAM 000048
eval_poly@x                  cstackCOMRAM 00003C
fabs@d                       cstackCOMRAM 000015
getArrayCurrent@average      cstackCOMRAM 000033
getArrayCurrent@i            cstackCOMRAM 000031
getArrayPower@current        cstackCOMRAM 000030
getArrayPower@power          cstackCOMRAM 000035
getArrayPower@temp           cstackCOMRAM 000032
getArrayPower@voltage        cstackCOMRAM 00002E
getArrayVoltage@average      cstackCOMRAM 000033
getArrayVoltage@i            cstackCOMRAM 000031
gyroCalibrate@average        cstackCOMRAM 000011
gyroCalibrate@i              cstackCOMRAM 000013
gyroGetADC@average           cstackCOMRAM 00000F
gyroGetADC@i                 cstackCOMRAM 00000D
gyroSelfTest@base            cstackCOMRAM 000013
gyroSelfTest@i               cstackCOMRAM 000017
gyroSelfTest@new             cstackCOMRAM 000015
gyroscope@gyroFail           bssBANK0     0000B8
gyroscope@gyroZero           bssBANK0     0000B4
intlevel0                    text         000000
intlevel1                    text         000000
intlevel2                    text         000000
intlevel3                    text         000000
main@F4036                   dataBANK1    000142
main@F4038                   dataBANK1    000130
main@input1                  cstackBANK0  0000E5
main@input2                  cstackBANK0  0000E7
main@message1                cstackBANK0  0000D8
main@message2                cstackBANK0  0000C6
morseCode@error              cstackCOMRAM 000004
sqrt@i                       cstackCOMRAM 000053
sqrt@og                      cstackCOMRAM 00004D
sqrt@q                       cstackCOMRAM 000054
sqrt@x                       cstackCOMRAM 000057
sqrt@y                       cstackCOMRAM 000047
sqrt@z                       cstackCOMRAM 000050
start                        init         000000
start_initialization         cinit        0031BC
transmitError@error          cstackCOMRAM 000010
updateBattData@data          cstackCOMRAM 000009
updatePwrData@ptr            cstackCOMRAM 000037
updateSensorARData@ptr       cstackCOMRAM 00007B
updateSensorARData@rawPres   cstackBANK0  0000C1
updateSensorARData@rawTemp   cstackBANK0  0000BF
updateXBeeData@data          cstackCOMRAM 000013
xBeeATCommand@cmd1           cstackCOMRAM 000010
xBeeATCommand@cmd2           cstackCOMRAM 000011
xBeeATCommandUC@cmd1         cstackCOMRAM 000010
xBeeATCommandUC@cmd2         cstackCOMRAM 000011
xBeeATCommandUC@param        cstackCOMRAM 000012
xBeeRxInt@value              cstackCOMRAM 000005
xBeeRxLong@value             cstackCOMRAM 00000D
xBeeSetATMode@i              cstackCOMRAM 000011
xBeeTxByte@data              cstackCOMRAM 00000F
xBeeTxInt@data               cstackCOMRAM 000010
xBeeTxLong@data              cstackCOMRAM 000010
xBeeTxString@data            cstackCOMRAM 000010
xBeeTxString@i               cstackCOMRAM 000012
xBeeTxXBee@ptr               cstackCOMRAM 00001B


FUNCTION INFORMATION:

 *************** function _main *****************
 Defined at:
		line 178 in file "main.c"
 Parameters:    Size  Location     Type
		None
 Auto vars:     Size  Location     Type
  message2       18    7[BANK0 ] unsigned char [18]
  message1       13   25[BANK0 ] unsigned char [13]
  input2          2   40[BANK0 ] unsigned int 
  input1          2   38[BANK0 ] unsigned int 
 Return value:  Size  Location     Type
		None               void
 Registers used:
		wreg, fsr1l, fsr1h, fsr2l, fsr2h, status,2, status,0, tblptrl, tblptrh, tblptru, prodl, prodh, cstack
 Tracked objects:
		On entry : 
		On exit  : 
		Unchanged: 
 Data sizes:     COMRAM   BANK0   BANK1   BANK2   BANK3   BANK4   BANK5
      Params:         0       0       0       0       0       0       0
      Locals:         0      35       0       0       0       0       0
      Temps:          0       3       0       0       0       0       0
      Totals:         0      38       0       0       0       0       0
Total ram usage:       38 bytes
 Hardware stack levels required when called:    8
 This function calls:
		_BusyADC
		_ConvertADC
		_OpenADC
		_ReadADC
		_SetChanADC
		_accelSelfTest
		_Delay10KTCYx
		_transmitError
		_morseCode
		_accelCalibrate
		_baroCalibrate
		_battConfig
		_openSMBus
		_updateBattData
		_battSafeCheck
		_xBeeTxByte
		_gyroCalibrate
		_gyroTimerStart
		_gyroSelfTest
		_updatePwrData
		_openRS232
		_xBeeConfig
		_updateXBeeData
		_xBeeTxXBee
		_telemTimerStart
		_updateSensorARData
		_blinkLED
		_xBeeTxString
		___lwdiv
		___lwmod
 This function is called by:
		Startup code after reset
 This function uses a non-reentrant model


 *************** function ___lwmod *****************
 Defined at:
		line 10 in file "C:\Program Files (x86)\Microchip\xc8\v1.20\sources\common\lwmod.c"
 Parameters:    Size  Location     Type
  dividend        2    0[COMRAM] unsigned int 
  divisor         2    2[COMRAM] unsigned int 
 Auto vars:     Size  Location     Type
  counter         1    5[COMRAM] unsigned char 
 Return value:  Size  Location     Type
                  2    0[COMRAM] unsigned int 
 Registers used:
		wreg, status,2, status,0
 Tracked objects:
		On entry : 
		On exit  : 
		Unchanged: 
 Data sizes:     COMRAM   BANK0   BANK1   BANK2   BANK3   BANK4   BANK5
      Params:         4       0       0       0       0       0       0
      Locals:         1       0       0       0       0       0       0
      Temps:          1       0       0       0       0       0       0
      Totals:         6       0       0       0       0       0       0
Total ram usage:        6 bytes
 Hardware stack levels used:    1
 This function calls:
		Nothing
 This function is called by:
		_main
 This function uses a non-reentrant model


 *************** function ___lwdiv *****************
 Defined at:
		line 10 in file "C:\Program Files (x86)\Microchip\xc8\v1.20\sources\common\lwdiv.c"
 Parameters:    Size  Location     Type
  dividend        2    6[COMRAM] unsigned int 
  divisor         2    8[COMRAM] unsigned int 
 Auto vars:     Size  Location     Type
  quotient        2   11[COMRAM] unsigned int 
  counter         1   13[COMRAM] unsigned char 
 Return value:  Size  Location     Type
                  2    6[COMRAM] unsigned int 
 Registers used:
		wreg, status,2, status,0
 Tracked objects:
		On entry : 
		On exit  : 
		Unchanged: 
 Data sizes:     COMRAM   BANK0   BANK1   BANK2   BANK3   BANK4   BANK5
      Params:         4       0       0       0       0       0       0
      Locals:         3       0       0       0       0       0       0
      Temps:          1       0       0       0       0       0       0
      Totals:         8       0       0       0       0       0       0
Total ram usage:        8 bytes
 Hardware stack levels used:    1
 This function calls:
		Nothing
 This function is called by:
		_main
 This function uses a non-reentrant model


 *************** function _xBeeTxString *****************
 Defined at:
		line 160 in file "telemetry.c"
 Parameters:    Size  Location     Type
  data            2   15[COMRAM] PTR unsigned char 
		 -> main@message2(18), main@message1(13), 
 Auto vars:     Size  Location     Type
  i               2   17[COMRAM] int 
 Return value:  Size  Location     Type
		None               void
 Registers used:
		wreg, fsr2l, fsr2h, status,2, status,0, cstack
 Tracked objects:
		On entry : 
		On exit  : 
		Unchanged: 
 Data sizes:     COMRAM   BANK0   BANK1   BANK2   BANK3   BANK4   BANK5
      Params:         2       0       0       0       0       0       0
      Locals:         2       0       0       0       0       0       0
      Temps:          0       0       0       0       0       0       0
      Totals:         4       0       0       0       0       0       0
Total ram usage:        4 bytes
 Hardware stack levels used:    1
 Hardware stack levels required when called:    2
 This function calls:
		_xBeeTxByte
 This function is called by:
		_main
 This function uses a non-reentrant model


 *************** function _blinkLED *****************
 Defined at:
		line 79 in file "power.c"
 Parameters:    Size  Location     Type
		None
 Auto vars:     Size  Location     Type
		None
 Return value:  Size  Location     Type
		None               void
 Registers used:
		wreg, status,2, status,0
 Tracked objects:
		On entry : 
		On exit  : 
		Unchanged: 
 Data sizes:     COMRAM   BANK0   BANK1   BANK2   BANK3   BANK4   BANK5
      Params:         0       0       0       0       0       0       0
      Locals:         0       0       0       0       0       0       0
      Temps:          1       0       0       0       0       0       0
      Totals:         1       0       0       0       0       0       0
Total ram usage:        1 bytes
 Hardware stack levels used:    1
 This function calls:
		Nothing
 This function is called by:
		_main
 This function uses a non-reentrant model


 *************** function _updateSensorARData *****************
 Defined at:
		line 296 in file "telemetry.c"
 Parameters:    Size  Location     Type
  ptr             2  122[COMRAM] PTR struct .
		 -> sensorData(14), 
 Auto vars:     Size  Location     Type
  rawPres         2    2[BANK0 ] unsigned short 
  rawTemp         2    0[BANK0 ] unsigned short 
 Return value:  Size  Location     Type
		None               void
 Registers used:
		wreg, fsr2l, fsr2h, status,2, status,0, tblptrl, tblptrh, tblptru, prodl, prodh, cstack
 Tracked objects:
		On entry : 
		On exit  : 
		Unchanged: 
 Data sizes:     COMRAM   BANK0   BANK1   BANK2   BANK3   BANK4   BANK5
      Params:         2       0       0       0       0       0       0
      Locals:         0       4       0       0       0       0       0
      Temps:          1       0       0       0       0       0       0
      Totals:         3       4       0       0       0       0       0
Total ram usage:        7 bytes
 Hardware stack levels used:    1
 Hardware stack levels required when called:    7
 This function calls:
		_accelGetRoll
		_baroGetVal
		_baroTempStart
		_baroPresStart
		_baroTrueTemp
		_baroTruePres
		_baroConvertAlt
 This function is called by:
		_main
 This function uses a non-reentrant model


 *************** function _accelGetRoll *****************
 Defined at:
		line 97 in file "accelmeter.c"
 Parameters:    Size  Location     Type
		None
 Auto vars:     Size  Location     Type
  accelTemp       3  119[COMRAM] float 
  accelRaw        2  117[COMRAM] int 
  rollAngle       2  115[COMRAM] int 
 Return value:  Size  Location     Type
                  2  111[COMRAM] int 
 Registers used:
		wreg, fsr2l, fsr2h, status,2, status,0, tblptrl, tblptrh, tblptru, prodl, prodh, cstack
 Tracked objects:
		On entry : 
		On exit  : 
		Unchanged: 
 Data sizes:     COMRAM   BANK0   BANK1   BANK2   BANK3   BANK4   BANK5
      Params:         2       0       0       0       0       0       0
      Locals:         7       0       0       0       0       0       0
      Temps:          2       0       0       0       0       0       0
      Totals:        11       0       0       0       0       0       0
Total ram usage:       11 bytes
 Hardware stack levels used:    1
 Hardware stack levels required when called:    6
 This function calls:
		_accelGetADC
		_asin
		___ftdiv
		___ftmul
		___awtoft
		___ftge
		___fttol
 This function is called by:
		_updateSensorARData
[...]
		_xBeeTxLong
		_xBeeTxShort
 This function uses a non-reentrant model


 *************** function _WriteUSART *****************
 Defined at:
		line 14 in file "USART/uwrite.c"
 Parameters:    Size  Location     Type
  data            1    0[COMRAM] unsigned char 
 Auto vars:     Size  Location     Type
		None
 Return value:  Size  Location     Type
		None               void
 Registers used:
		None
 Tracked objects:
		On entry : 
		On exit  : 
		Unchanged: 
 Data sizes:     COMRAM   BANK0   BANK1   BANK2   BANK3   BANK4   BANK5
      Params:         1       0       0       0       0       0       0
      Locals:         0       0       0       0       0       0       0
      Temps:          0       0       0       0       0       0       0
      Totals:         1       0       0       0       0       0       0
Total ram usage:        1 bytes
 Hardware stack levels used:    1
 This function calls:
		Nothing
 This function is called by:
		_xBeeTxByte
		_putrsUSART
		_putsUSART
 This function uses a non-reentrant model


 *************** function _accelGetADC *****************
 Defined at:
		line 27 in file "accelmeter.c"
 Parameters:    Size  Location     Type
		None
 Auto vars:     Size  Location     Type
  accelRaw        2   14[COMRAM] int 
  i               2   12[COMRAM] int 
 Return value:  Size  Location     Type
                  2    9[COMRAM] int 
 Registers used:
		wreg, status,2, status,0, cstack
 Tracked objects:
		On entry : 
		On exit  : 
		Unchanged: 
 Data sizes:     COMRAM   BANK0   BANK1   BANK2   BANK3   BANK4   BANK5
      Params:         2       0       0       0       0       0       0
      Locals:         4       0       0       0       0       0       0
      Temps:          1       0       0       0       0       0       0
      Totals:         7       0       0       0       0       0       0
Total ram usage:        7 bytes
 Hardware stack levels used:    1
 Hardware stack levels required when called:    1
 This function calls:
		_BusyADC
		_ConvertADC
		_ReadADC
		_SetChanADC
		___awdiv
 This function is called by:
		_accelSelfTest
		_accelCalibrate
		_accelGetRoll
 This function uses a non-reentrant model


 *************** function ___awdiv *****************
 Defined at:
		line 10 in file "C:\Program Files (x86)\Microchip\xc8\v1.20\sources\common\awdiv.c"
 Parameters:    Size  Location     Type
  dividend        2    0[COMRAM] int 
  divisor         2    2[COMRAM] int 
 Auto vars:     Size  Location     Type
  quotient        2    7[COMRAM] int 
  sign            1    6[COMRAM] unsigned char 
  counter         1    5[COMRAM] unsigned char 
 Return value:  Size  Location     Type
                  2    0[COMRAM] int 
 Registers used:
		wreg, status,2, status,0
 Tracked objects:
		On entry : 
		On exit  : 
		Unchanged: 
 Data sizes:     COMRAM   BANK0   BANK1   BANK2   BANK3   BANK4   BANK5
      Params:         4       0       0       0       0       0       0
      Locals:         4       0       0       0       0       0       0
      Temps:          1       0       0       0       0       0       0
      Totals:         9       0       0       0       0       0       0
Total ram usage:        9 bytes
 Hardware stack levels used:    1
 This function calls:
		Nothing
 This function is called by:
		_accelGetADC
		_accelCalibrate
		_gyroGetADC
		_gyroCalibrate
		_getArrayVoltage
		_getArrayCurrent
 This function uses a non-reentrant model


 *************** function _SetChanADC *****************
 Defined at:
		line 31 in file "ADC/adcsetch.c"
 Parameters:    Size  Location     Type
  channel         1    0[COMRAM] unsigned char 
 Auto vars:     Size  Location     Type
		None
 Return value:  Size  Location     Type
		None               void
 Registers used:
		wreg, status,2, status,0
 Tracked objects:
		On entry : 
		On exit  : 
		Unchanged: 
 Data sizes:     COMRAM   BANK0   BANK1   BANK2   BANK3   BANK4   BANK5
      Params:         1       0       0       0       0       0       0
      Locals:         0       0       0       0       0       0       0
      Temps:          1       0       0       0       0       0       0
      Totals:         2       0       0       0       0       0       0
Total ram usage:        2 bytes
 Hardware stack levels used:    1
 This function calls:
		Nothing
 This function is called by:
		_accelGetADC
		_gyroGetADC
		_main
		_getArrayVoltage
		_getArrayCurrent
 This function uses a non-reentrant model


 *************** function _ReadADC *****************
 Defined at:
		line 25 in file "ADC/adcread.c"
 Parameters:    Size  Location     Type
		None
 Auto vars:     Size  Location     Type
		None
 Return value:  Size  Location     Type
                  2    0[COMRAM] int 
 Registers used:
		wreg, status,2
 Tracked objects:
		On entry : 
		On exit  : 
		Unchanged: 
 Data sizes:     COMRAM   BANK0   BANK1   BANK2   BANK3   BANK4   BANK5
      Params:         2       0       0       0       0       0       0
      Locals:         0       0       0       0       0       0       0
      Temps:          0       0       0       0       0       0       0
      Totals:         2       0       0       0       0       0       0
Total ram usage:        2 bytes
 Hardware stack levels used:    1
 This function calls:
		Nothing
 This function is called by:
		_accelGetADC
		_gyroGetADC
		_main
		_getArrayVoltage
		_getArrayCurrent
 This function uses a non-reentrant model


 *************** function _ConvertADC *****************
 Defined at:
		line 23 in file "ADC/adcconv.c"
 Parameters:    Size  Location     Type
		None
 Auto vars:     Size  Location     Type
		None
 Return value:  Size  Location     Type
		None               void
 Registers used:
		None
 Tracked objects:
		On entry : 
		On exit  : 
		Unchanged: 
 Data sizes:     COMRAM   BANK0   BANK1   BANK2   BANK3   BANK4   BANK5
      Params:         0       0       0       0       0       0       0
      Locals:         0       0       0       0       0       0       0
      Temps:          0       0       0       0       0       0       0
      Totals:         0       0       0       0       0       0       0
Total ram usage:        0 bytes
 Hardware stack levels used:    1
 This function calls:
		Nothing
 This function is called by:
		_accelGetADC
		_gyroGetADC
		_main
		_getArrayVoltage
		_getArrayCurrent
 This function uses a non-reentrant model


 *************** function _BusyADC *****************
 Defined at:
		line 27 in file "ADC/adcbusy.c"
 Parameters:    Size  Location     Type
		None
 Auto vars:     Size  Location     Type
		None
 Return value:  Size  Location     Type
                  1    wreg      unsigned char 
 Registers used:
		wreg, status,2, status,0
 Tracked objects:
		On entry : 
		On exit  : 
		Unchanged: 
 Data sizes:     COMRAM   BANK0   BANK1   BANK2   BANK3   BANK4   BANK5
      Params:         0       0       0       0       0       0       0
      Locals:         0       0       0       0       0       0       0
      Temps:          0       0       0       0       0       0       0
      Totals:         0       0       0       0       0       0       0
Total ram usage:        0 bytes
 Hardware stack levels used:    1
 This function calls:
		Nothing
 This function is called by:
		_accelGetADC
		_gyroGetADC
		_main
		_getArrayVoltage
		_getArrayCurrent
 This function uses a non-reentrant model


 *************** function _OpenADC *****************
 Defined at:
		line 71 in file "ADC/adcopen.c"
 Parameters:    Size  Location     Type
  config          1    0[COMRAM] unsigned char 
  config2         1    1[COMRAM] unsigned char 
  portconfig      1    2[COMRAM] unsigned char 
 Auto vars:     Size  Location     Type
		None
 Return value:  Size  Location     Type
		None               void
 Registers used:
		wreg, status,2, status,0
 Tracked objects:
		On entry : 
		On exit  : 
		Unchanged: 
 Data sizes:     COMRAM   BANK0   BANK1   BANK2   BANK3   BANK4   BANK5
      Params:         3       0       0       0       0       0       0
      Locals:         0       0       0       0       0       0       0
      Temps:          2       0       0       0       0       0       0
      Totals:         5       0       0       0       0       0       0
Total ram usage:        5 bytes
 Hardware stack levels used:    1
 This function calls:
		Nothing
 This function is called by:
		_main
 This function uses a non-reentrant model


 *************** function ___wmul *****************
 Defined at:
		line 5 in file "C:\Program Files (x86)\Microchip\xc8\v1.20\sources\common\wmul.c"
 Parameters:    Size  Location     Type
  multiplier      2    0[COMRAM] unsigned int 
  multiplicand    2    2[COMRAM] unsigned int 
 Auto vars:     Size  Location     Type
  product         2    4[COMRAM] unsigned int 
 Return value:  Size  Location     Type
                  2    0[COMRAM] unsigned int 
 Registers used:
		wreg, status,2, status,0, prodl, prodh
 Tracked objects:
		On entry : 
		On exit  : 
		Unchanged: 
 Data sizes:     COMRAM   BANK0   BANK1   BANK2   BANK3   BANK4   BANK5
      Params:         4       0       0       0       0       0       0
      Locals:         2       0       0       0       0       0       0
      Temps:          0       0       0       0       0       0       0
      Totals:         6       0       0       0       0       0       0
Total ram usage:        6 bytes
 Hardware stack levels used:    1
 This function calls:
		Nothing
 This function is called by:
		_baroTrueTemp
		_eval_poly
 This function uses a non-reentrant model


 *************** function ___ftge *****************
 Defined at:
		line 5 in file "C:\Program Files (x86)\Microchip\xc8\v1.20\sources\common\ftge.c"
 Parameters:    Size  Location     Type
  ff1             3   11[COMRAM] float 
  ff2             3   14[COMRAM] float 
 Auto vars:     Size  Location     Type
		None
 Return value:  Size  Location     Type
		None               void
 Registers used:
		wreg, status,2, status,0
 Tracked objects:
		On entry : 
		On exit  : 
		Unchanged: 
 Data sizes:     COMRAM   BANK0   BANK1   BANK2   BANK3   BANK4   BANK5
      Params:         6       0       0       0       0       0       0
      Locals:         0       0       0       0       0       0       0
      Temps:          3       0       0       0       0       0       0
      Totals:         9       0       0       0       0       0       0
Total ram usage:        9 bytes
 Hardware stack levels used:    1
 This function calls:
		Nothing
 This function is called by:
		_accelGetRoll
		_asin
		_atan
		_sqrt
 This function uses a non-reentrant model



MODULE INFORMATION

Module		Function		Class		Link	Load	Size
C:\Program Files (x86)\Microchip\xc8\v1.20\sources\common\float.c
		___ftpack      		CODE           	2854	0000	184

C:\Program Files (x86)\Microchip\xc8\v1.20\sources\common\float.c estimated size: 184

ADC/adcread.c
		_ReadADC       		CODE           	3B64	0000	10

ADC/adcread.c estimated size: 10

C:\Program Files (x86)\Microchip\xc8\v1.20\sources\common\ftge.c
		___ftge        		CODE           	2D5E	0000	144

C:\Program Files (x86)\Microchip\xc8\v1.20\sources\common\ftge.c estimated size: 144

gyroscope.c
		_gyroTimerStart		CODE           	3B06	0000	16
		_gyroCalibrate 		CODE           	35B4	0000	84
		_gyroSelfTest  		CODE           	2B0E	0000	154
		_gyroGetADC    		CODE           	3002	0000	114

gyroscope.c estimated size: 368

C:\Program Files (x86)\Microchip\xc8\v1.20\sources\common\wmul.c
		___wmul        		CODE           	3820	0000	58

C:\Program Files (x86)\Microchip\xc8\v1.20\sources\common\wmul.c estimated size: 58

i2c/i2c_open.c
		_OpenI2C       		CODE           	3A24	0000	28

i2c/i2c_open.c estimated size: 28

C:\Program Files (x86)\Microchip\xc8\v1.20\sources\common\asin.c
		_asin          		CODE           	0F30	0000	636

C:\Program Files (x86)\Microchip\xc8\v1.20\sources\common\asin.c estimated size: 636

USART/uopen.c
		_OpenUSART     		CODE           	334E	0000	92

USART/uopen.c estimated size: 92

C:\Program Files (x86)\Microchip\xc8\v1.20\sources\common\sqrt.c
		_sqrt          		CODE           	19A2	0000	360

C:\Program Files (x86)\Microchip\xc8\v1.20\sources\common\sqrt.c estimated size: 360

shared
		atan@coeff_a   		SMALLCONST     	0600	0000	18
		atan@coeff_b   		SMALLCONST     	0612	0000	15
		__initializatio		CODE           	31BC	0000	92

shared estimated size: 125

C:\Program Files (x86)\Microchip\xc8\v1.20\sources\common\aldiv.c
		___aldiv       		CODE           	26AA	0000	216

C:\Program Files (x86)\Microchip\xc8\v1.20\sources\common\aldiv.c estimated size: 216

C:\Program Files (x86)\Microchip\xc8\v1.20\sources\common\altoft.c
		___altoft      		CODE           	2F00	0000	132

C:\Program Files (x86)\Microchip\xc8\v1.20\sources\common\altoft.c estimated size: 132

C:\Program Files (x86)\Microchip\xc8\v1.20\sources\common\ftdiv.c
		___ftdiv       		CODE           	22F8	0000	254

C:\Program Files (x86)\Microchip\xc8\v1.20\sources\common\ftdiv.c estimated size: 254

C:\Program Files (x86)\Microchip\xc8\v1.20\sources\common\lldiv.c
		___lldiv       		CODE           	2E7A	0000	134

C:\Program Files (x86)\Microchip\xc8\v1.20\sources\common\lldiv.c estimated size: 134

C:\Program Files (x86)\Microchip\xc8\v1.20\sources\common\ftsub.c
		___ftsub       		CODE           	3890	0000	54

C:\Program Files (x86)\Microchip\xc8\v1.20\sources\common\ftsub.c estimated size: 54

C:\Program Files (x86)\Microchip\xc8\v1.20\sources\common\atan.c
		_atan          		CODE           	17E2	0000	448

C:\Program Files (x86)\Microchip\xc8\v1.20\sources\common\atan.c estimated size: 448

C:\Program Files (x86)\Microchip\xc8\v1.20\sources\common\ftneg.c
		___ftneg       		CODE           	39A4	0000	38

C:\Program Files (x86)\Microchip\xc8\v1.20\sources\common\ftneg.c estimated size: 38

C:\Program Files (x86)\Microchip\xc8\v1.20\sources\common\awtoft.c
		___awtoft      		CODE           	369E	0000	68

C:\Program Files (x86)\Microchip\xc8\v1.20\sources\common\awtoft.c estimated size: 68

ADC/adcsetch.c
		_SetChanADC    		CODE           	3ABC	0000	20

ADC/adcsetch.c estimated size: 20

C:\Program Files (x86)\Microchip\xc8\v1.20\sources\pic18\asftsub.c
		___asftsub     		CODE           	37A8	0000	60

C:\Program Files (x86)\Microchip\xc8\v1.20\sources\pic18\asftsub.c estimated size: 60

i2c/i2c_idle.c
		_IdleI2C       		CODE           	3B4E	0000	12

i2c/i2c_idle.c estimated size: 12

errors.c
		_transmitError 		CODE           	38FC	0000	46
		_morseStop     		CODE           	32EC	0000	98
		_morseCode     		CODE           	23F6	0000	242
		_morseLong     		CODE           	3766	0000	66
		_morseShort    		CODE           	3954	0000	42

errors.c estimated size: 494

ADC/adcopen.c
		_OpenADC       		CODE           	33AA	0000	92

ADC/adcopen.c estimated size: 92

main.c
		_main          		CODE           	0B9A	0000	918

main.c estimated size: 918

C:\Program Files (x86)\Microchip\xc8\v1.20\sources\common\ftmul.c
		___ftmul       		CODE           	21E8	0000	272

C:\Program Files (x86)\Microchip\xc8\v1.20\sources\common\ftmul.c estimated size: 272

C:\Program Files (x86)\Microchip\xc8\v1.20\sources\common\fttol.c
		___fttol       		CODE           	25CA	0000	224

C:\Program Files (x86)\Microchip\xc8\v1.20\sources\common\fttol.c estimated size: 224

C:\Program Files (x86)\Microchip\xc8\v1.20\sources\pic18\d10ktcyx.c
		_Delay10KTCYx  		CODE           	3AA6	0000	22

C:\Program Files (x86)\Microchip\xc8\v1.20\sources\pic18\d10ktcyx.c estimated size: 22

C:\Program Files (x86)\Microchip\xc8\v1.20\sources\pic18\asftmul.c
		___asftmul     		CODE           	37E4	0000	60

C:\Program Files (x86)\Microchip\xc8\v1.20\sources\pic18\asftmul.c estimated size: 60

batteries.c
		_battSafeCheck 		CODE           	1FAC	0000	286
		_battConfig    		CODE           	13F8	0000	542
		_openSMBus     		CODE           	3A76	0000	26
		_updateBattData		CODE           	20CA	0000	286
		_battReadWord  		CODE           	30E6	0000	108
		_battConfigByte		CODE           	38C6	0000	54

batteries.c estimated size: 1302

i2c/i2c_writ.c
		_WriteI2C      		CODE           	355E	0000	86

i2c/i2c_writ.c estimated size: 86

C:\Program Files (x86)\Microchip\xc8\v1.20\sources\common\fabs.c
		_fabs          		CODE           	36E2	0000	66

C:\Program Files (x86)\Microchip\xc8\v1.20\sources\common\fabs.c estimated size: 66

C:\Program Files (x86)\Microchip\xc8\v1.20\sources\common\lmul.c
		___lmul        		CODE           	345C	0000	86

C:\Program Files (x86)\Microchip\xc8\v1.20\sources\common\lmul.c estimated size: 86

USART/uwrite.c
		_WriteUSART    		CODE           	3B16	0000	16

USART/uwrite.c estimated size: 16

ADC/adcbusy.c
		_BusyADC       		CODE           	3B6E	0000	6

ADC/adcbusy.c estimated size: 6

barometer.c
		_baroPresStart 		CODE           	34B2	0000	86
		_baroConvertAlt		CODE           	1D62	0000	296
		_baroGetVal    		CODE           	2DEE	0000	140
		_baroTrueTemp  		CODE           	1B0A	0000	302
		_baroTruePres  		CODE           	0622	0000	1400
		_baroTempStart 		CODE           	3508	0000	86
		_baroCalibrate 		CODE           	11AC	0000	588

barometer.c estimated size: 2898

power.c
		_getArrayVoltag		CODE           	29BE	0000	178
		_getArrayCurren		CODE           	290C	0000	178
		_updatePwrData 		CODE           	3152	0000	106
		_blinkLED      		CODE           	397E	0000	38
		_getArrayPower 		CODE           	2F84	0000	126

power.c estimated size: 626

C:\Program Files (x86)\Microchip\xc8\v1.20\sources\common\evalpoly.c
		_eval_poly     		CODE           	24E8	0000	226

C:\Program Files (x86)\Microchip\xc8\v1.20\sources\common\evalpoly.c estimated size: 226

i2c/i2c_read.c
		_ReadI2C       		CODE           	3A40	0000	28

i2c/i2c_read.c estimated size: 28

USART/uread.c
		_ReadUSART     		CODE           	39EA	0000	30

USART/uread.c estimated size: 30

C:\Program Files (x86)\Microchip\xc8\v1.20\sources\common\lwmod.c
		___lwmod       		CODE           	3658	0000	70

C:\Program Files (x86)\Microchip\xc8\v1.20\sources\common\lwmod.c estimated size: 70

ADC/adcconv.c
		_ConvertADC    		CODE           	3B74	0000	4

ADC/adcconv.c estimated size: 4

C:\Program Files (x86)\Microchip\xc8\v1.20\sources\common\awdiv.c
		___awdiv       		CODE           	2CCE	0000	144

C:\Program Files (x86)\Microchip\xc8\v1.20\sources\common\awdiv.c estimated size: 144

C:\Program Files (x86)\Microchip\xc8\v1.20\sources\common\ftadd.c
		___ftadd       		CODE           	1616	0000	460

C:\Program Files (x86)\Microchip\xc8\v1.20\sources\common\ftadd.c estimated size: 460

accelmeter.c
		_accelGetADC   		CODE           	3074	0000	114
		_accelGetRoll  		CODE           	1C38	0000	298
		_accelCalibrate		CODE           	3608	0000	80
		_accelSelfTest 		CODE           	2C3C	0000	146

accelmeter.c estimated size: 638

telemetry.c
		_xBeeTxXBee    		CODE           	2A70	0000	158
		_xBeeATCommand 		CODE           	3AF4	0000	18
		_xBeeConfig    		CODE           	3724	0000	66
		_telemTimerStar		CODE           	3AD0	0000	18
		_xBeeATCommandU		CODE           	3A5C	0000	26
		_xBeeRxInt     		CODE           	3A08	0000	28
		_updateSensorAR		CODE           	2782	0000	210
		_xBeeEndATMode 		CODE           	392A	0000	42
		_xBeeRxLong    		CODE           	3288	0000	100
		_openRS232     		CODE           	3A90	0000	22
		_xBeeRxByte    		CODE           	3B5A	0000	10
		_xBeeTxString  		CODE           	385A	0000	54
		_xBeeSetATMode 		CODE           	3222	0000	102
		_xBeeTxInt     		CODE           	3AE2	0000	18
		_xBeeTxLong    		CODE           	2BA8	0000	148
		_updateXBeeData		CODE           	1E8A	0000	290
		_xBeeTxByte    		CODE           	3B34	0000	14

telemetry.c estimated size: 1324

C:\Program Files (x86)\Microchip\xc8\v1.20\sources\common\lwdiv.c
		___lwdiv       		CODE           	3406	0000	86

C:\Program Files (x86)\Microchip\xc8\v1.20\sources\common\lwdiv.c estimated size: 86

C:\Program Files (x86)\Microchip\xc8\v1.20\sources\pic18\d10tcyx.c
		_Delay10TCYx   		CODE           	3B26	0000	14

C:\Program Files (x86)\Microchip\xc8\v1.20\sources\pic18\d10tcyx.c estimated size: 14

